// Jest Snapshot v1, https://goo.gl/fbAQLP

exports[`<LinkedInModal /> render correctly 1`] = `
<View>
  <View
    accessible={true}
    focusable={true}
    hitSlop={
      Object {
        "bottom": 10,
        "left": 10,
        "right": 10,
        "top": 10,
      }
    }
    onClick={[Function]}
    onResponderGrant={[Function]}
    onResponderMove={[Function]}
    onResponderRelease={[Function]}
    onResponderTerminate={[Function]}
    onResponderTerminationRequest={[Function]}
    onStartShouldSetResponder={[Function]}
    style={
      Object {
        "opacity": 1,
      }
    }
  >
    <Text>
      Login with LinkedIn
    </Text>
  </View>
  <Modal
    animationType="fade"
    hardwareAccelerated={false}
    onRequestClose={[Function]}
    transparent={true}
    visible={false}
  >
    <View
      style={
        Array [
          Object {
            "backgroundColor": "rgba(0, 0, 0, 0.5)",
            "flex": 1,
            "paddingHorizontal": 10,
            "paddingVertical": 40,
          },
          Object {},
        ]
      }
    >
      <View
        style={
          Array [
            Object {
              "borderColor": "rgba(0, 0, 0, 0.6)",
              "borderRadius": 5,
              "borderWidth": 10,
              "flex": 1,
            },
            Object {},
          ]
        }
      />
      <View
        accessible={true}
        focusable={true}
        onClick={[Function]}
        onResponderGrant={[Function]}
        onResponderMove={[Function]}
        onResponderRelease={[Function]}
        onResponderTerminate={[Function]}
        onResponderTerminationRequest={[Function]}
        onStartShouldSetResponder={[Function]}
        style={
          Object {
            "alignItems": "center",
            "backgroundColor": "#000",
            "borderColor": "rgba(255, 255, 255, 0.5)",
            "borderRadius": 12,
            "borderWidth": 2,
            "height": 24,
            "justifyContent": "center",
            "opacity": 1,
            "position": "absolute",
            "right": 5,
            "top": 35,
            "width": 24,
          }
        }
      >
        <Image
          resizeMode="contain"
          source={
            Object {
              "testUri": "../../../src/assets/x-white.png",
            }
          }
          style={
            Object {
              "height": 16,
              "width": 16,
            }
          }
        />
      </View>
    </View>
  </Modal>
</View>
`;
